C51 COMPILER V9.01   MIAN                                                                  01/25/2018 20:12:55 PAGE 1   


C51 COMPILER V9.01, COMPILATION OF MODULE MIAN
OBJECT MODULE PLACED IN mian.OBJ
COMPILER INVOKED BY: D:\keil\C51\BIN\C51.EXE mian.c BROWSE DEBUG OBJECTEXTEND

line level    source

   1          #include <reg51.h>
   2          #include <string.h>
   3          #include "myTools.h"
   4          #include "recAndSend.h"
   5          
   6          sbit ES_RI=P0^4;
   7          sbit BT_RI=P0^5;
   8          sbit ES_TI=P0^6;
   9          sbit BT_TI=P0^7;
  10          extern uchar end;
  11          extern uchar recMsg[26];
  12          sbit LEVEL=P0^0;
  13          int main(){
  14   1               
  15   1              UsartInit();
  16   1              delayms(7000);
  17   1              sendMsg("AT+CIPSTART=\"TCP\",\"10.4.19.76\",3333\r\n\0");
  18   1                      delayms(1000);
  19   1                      sendMsg("AT+INQ\r\n\0");
  20   1              while(1){                  
  21   2                      if(end==5){             
  22   3                              end=0;
  23   3                              sendMsg("AT+CIPSEND=26\r\n\0");
  24   3                              delayms(1000);
  25   3                              sendMsg(recMsg);
  26   3                      }
  27   2              }
  28   1              
  29   1              /*
  30   1              UsartInit();
  31   1              while(1){
  32   1                      if(end==5){
  33   1                              end=0;
  34   1                              sendMsg(recMsg);
  35   1                      }
  36   1              }*/     
  37   1      }


MODULE INFORMATION:   STATIC OVERLAYABLE
   CODE SIZE        =     70    ----
   CONSTANT SIZE    =     66    ----
   XDATA SIZE       =   ----    ----
   PDATA SIZE       =   ----    ----
   DATA SIZE        =   ----    ----
   IDATA SIZE       =   ----    ----
   BIT SIZE         =   ----    ----
END OF MODULE INFORMATION.


C51 COMPILATION COMPLETE.  0 WARNING(S),  0 ERROR(S)
