C51 COMPILER V9.01   MIAN                                                                  01/24/2018 22:59:15 PAGE 1   


C51 COMPILER V9.01, COMPILATION OF MODULE MIAN
OBJECT MODULE PLACED IN mian.OBJ
COMPILER INVOKED BY: D:\keil\C51\BIN\C51.EXE mian.c BROWSE DEBUG OBJECTEXTEND

line level    source

   1          #include <reg51.h>
   2          #include "myTools.h"
   3          #include "recAndSend.h"
   4          
   5          extern uchar end;
   6          extern uchar recMsg[26];
   7          sbit LEVEL=P0^0;
   8          sbit fff=P0^1;
   9          int main(){
  10   1              /*
  11   1              getRSSI(1);
  12   1              fff=1;
  13   1              LEVEL=0;
  14   1              while(1);*/
  15   1              UsartInit();
  16   1              fff=0;
  17   1              sendMsg("ads\r\n");
  18   1              while(1){
  19   2                      
  20   2                      
  21   2                      if(end!=0)
  22   2                              fff=1;
  23   2                      if(end==4){
  24   3                              sendMsg(recMsg);
  25   3                      }
  26   2              }       
  27   1      }


MODULE INFORMATION:   STATIC OVERLAYABLE
   CODE SIZE        =     36    ----
   CONSTANT SIZE    =      6    ----
   XDATA SIZE       =   ----    ----
   PDATA SIZE       =   ----    ----
   DATA SIZE        =   ----    ----
   IDATA SIZE       =   ----    ----
   BIT SIZE         =   ----    ----
END OF MODULE INFORMATION.


C51 COMPILATION COMPLETE.  0 WARNING(S),  0 ERROR(S)
