C51 COMPILER V9.01   MYTOOLS                                                               01/18/2018 22:46:09 PAGE 1   


C51 COMPILER V9.01, COMPILATION OF MODULE MYTOOLS
OBJECT MODULE PLACED IN myTools.OBJ
COMPILER INVOKED BY: D:\keil\C51\BIN\C51.EXE myTools.c BROWSE DEBUG OBJECTEXTEND

line level    source

   1          #include <reg51.h>
   2          #include "myTools.h"
   3          //function of delay
   4          void delayus(uint i){
   5   1              while(i--);
   6   1      }
   7          void delayms(uint i){
   8   1         while(i--){
   9   2              delayus(200);
  10   2         }
  11   1      }
  12          
  13          
  14          /************************************testing******************
  15          //this function is used 22.1184MHZ
  16          void iniTimer0(){
  17                  TMOD|=0X01;//Select timer0 mode,word mode 1
  18                  TH0=0XFF;
  19                  TL0=0XFE;//delay 1us
  20                  ET0=1;//allow timer0
  21                  EA=1;
  22                  TR0=1;//when use timer0 just let TR0=1
  23          
  24          }
  25          
  26          void timer0(uint i){
  27                  static char flag='n';//'y':Has been initialized
  28                  if('n'==flag){
  29                          iniTimer0();
  30                  }
  31          }
  32          */


MODULE INFORMATION:   STATIC OVERLAYABLE
   CODE SIZE        =     35    ----
   CONSTANT SIZE    =   ----    ----
   XDATA SIZE       =   ----    ----
   PDATA SIZE       =   ----    ----
   DATA SIZE        =   ----    ----
   IDATA SIZE       =   ----    ----
   BIT SIZE         =   ----    ----
END OF MODULE INFORMATION.


C51 COMPILATION COMPLETE.  0 WARNING(S),  0 ERROR(S)
