C51 COMPILER V9.01   RECANDSEND                                                            01/24/2018 22:59:15 PAGE 1   


C51 COMPILER V9.01, COMPILATION OF MODULE RECANDSEND
OBJECT MODULE PLACED IN recAndSend.OBJ
COMPILER INVOKED BY: D:\keil\C51\BIN\C51.EXE recAndSend.c BROWSE DEBUG OBJECTEXTEND

line level    source

   1          #include <reg51.h>
   2          #include <intrins.h>
   3          #include <string.h>
   4          #include "mytools.h"
   5          #include "recAndSend.h"
   6          
   7          
   8          /*****************************End of send struction************************************/
   9          void initBT(){
  10   1              uchar i=0;
  11   1              bit j=0;
  12   1              for(i=0;i<0;i++){
  13   2                      if(0==i){
  14   3                              LU_EN=1;LD_EN=0;RD_EN=0;RU_EN=0;
  15   3                      }
  16   2                      //To iterate over,left shift.
  17   2                      j=LU_EN;
  18   2                      _nop_();
  19   2                      LU_EN=LD_EN;
  20   2                      _nop_();
  21   2                      LD_EN=RD_EN;
  22   2                      _nop_();
  23   2                      RD_EN=RU_EN;
  24   2                      RU_EN=j;
  25   2                      
  26   2                      //Send instruct to bluetooth.
  27   2                      //sendToBT();
  28   2                      if(3==i){
  29   3                              LU_EN=0;
  30   3                      }
  31   2              }
  32   1      }
  33          
  34          char *getRSSI(char wit){
  35   1              static char flag='n';//n:have not been initialized,y:have been initialized. 
  36   1              if(flag=='n'){
  37   2                      initBT();//Initialize bluetooth.
  38   2                      flag='y';
  39   2              }
  40   1              LU_EN=0;RU_EN=0;RD_EN=0;LD_EN=0;
  41   1              switch(wit){
  42   2                      case 0:
  43   2                              LU_EN=1;
  44   2                              break;
  45   2                      case 1:
  46   2                              RU_EN=1;
  47   2                              break;
  48   2                      case 2:
  49   2                              RD_EN=1;
  50   2                              break;
  51   2                      case 3:
  52   2                              LD_EN=1;
  53   2                              break;
  54   2              }
  55   1      
C51 COMPILER V9.01   RECANDSEND                                                            01/24/2018 22:59:15 PAGE 2   

  56   1              //sendToBT();
  57   1      }
*** WARNING C173 IN LINE 57 OF RECANDSEND.C: missing return-expression
  58          
  59          
  60          
*** WARNING C290 IN LINE 57 OF RECANDSEND.C: missing return value


MODULE INFORMATION:   STATIC OVERLAYABLE
   CODE SIZE        =    100    ----
   CONSTANT SIZE    =   ----    ----
   XDATA SIZE       =   ----    ----
   PDATA SIZE       =   ----    ----
   DATA SIZE        =      1    ----
   IDATA SIZE       =   ----    ----
   BIT SIZE         =   ----       1
END OF MODULE INFORMATION.


C51 COMPILATION COMPLETE.  2 WARNING(S),  0 ERROR(S)
